// Jest Snapshot v1, https://goo.gl/fbAQLP

exports[`renders Person Developers 1`] = `
<div>
  <button
    className="mdc-fab "
    disabled={false}
    onKeyDown={[Function]}
    onKeyUp={[Function]}
    onMouseDown={[Function]}
    onMouseUp={[Function]}
    onTouchEnd={[Function]}
    onTouchStart={[Function]}
    style={Object {}}
  >
    <img
      alt="Makoto Henmi"
      facebook="makoto.henmi"
      github="makowis"
      height={60}
      id="mako_wis"
      nickname="mako_wis"
      onClick={[Function]}
      raised={true}
      speakerdeck="makowis"
      src="avatar.bmp"
      twitter="mako_wis"
      width={60}
    />
  </button>
  <button
    className="mdc-fab "
    disabled={false}
    onKeyDown={[Function]}
    onKeyUp={[Function]}
    onMouseDown={[Function]}
    onMouseUp={[Function]}
    onTouchEnd={[Function]}
    onTouchStart={[Function]}
    style={Object {}}
  >
    <img
      alt="Tomohiko Himura"
      facebook="eielh"
      github="eiel"
      height={60}
      id="eiel"
      nickname="eiel"
      onClick={[Function]}
      raised={true}
      speakerdeck="eiel"
      src="https://pbs.twimg.com/profile_images/2754435592/6fef2556bc06febd5c6ab4c24ae08282_400x400.jpeg"
      twitter="eielh"
      width={60}
    />
  </button>
  <button
    className="mdc-fab "
    disabled={false}
    onKeyDown={[Function]}
    onKeyUp={[Function]}
    onMouseDown={[Function]}
    onMouseUp={[Function]}
    onTouchEnd={[Function]}
    onTouchStart={[Function]}
    style={Object {}}
  >
    <img
      alt="Yukinori Kitadai"
      facebook="Nyoho"
      github="Nyoho"
      height={60}
      id="Nyoho"
      nickname="Nyoho"
      onClick={[Function]}
      raised={true}
      speakerdeck="Nyoho"
      src="https://avatars2.githubusercontent.com/u/118150"
      twitter="NeXTSTEP2OSX"
      width={60}
    />
  </button>
</div>
`;
