// Jest Snapshot v1, https://goo.gl/fbAQLP

exports[`renders Developers 1`] = `
<div>
  <button
    className="mdc-fab "
    disabled={false}
    onKeyDown={[Function]}
    onKeyUp={[Function]}
    onMouseDown={[Function]}
    onMouseUp={[Function]}
    onTouchEnd={[Function]}
    onTouchStart={[Function]}
    style={Object {}}
  >
    <img
      alt="Makoto Henmi"
      facebook="makoto.henmi"
      github="makowis"
      height={60}
      id="mako_wis"
      nickname="mako_wis"
      onClick={[Function]}
      raised={true}
      speakerdeck="makowis"
      src="avatar.bmp"
      twitter="mako_wis"
      width={60}
    />
  </button>
</div>
`;
