// Jest Snapshot v1, https://goo.gl/fbAQLP

exports[`renders Developers 1`] = `
<div
  className={undefined}
>
  <button
    className="mdc-fab"
    disabled={false}
    icon={null}
    onBlur={[Function]}
    onFocus={[Function]}
    onKeyDown={[Function]}
    onKeyUp={[Function]}
    onMouseDown={[Function]}
    onMouseUp={[Function]}
    onTouchEnd={[Function]}
    onTouchStart={[Function]}
    style={Object {}}
  />
</div>
`;
