// Jest Snapshot v1, https://goo.gl/fbAQLP

exports[`renders Developers 1`] = `
<section
  className="text-center text-white bg-primary p-5"
>
  <h2>
    GitHub Grass Graph
  </h2>
  <img
    alt="GitHub Grass Graph"
    className="img-fluid"
    src="https://grass-graph.moshimo.works/images/makowis.png"
  />
  <p>
    <a
      href="https://grass-graph.moshimo.works"
    >
      <span
        className="text-white"
      >
        image from Grass-Graph
      </span>
    </a>
  </p>
</section>
`;
